// Jest Snapshot v1, https://goo.gl/fbAQLP

exports[`Layout Tests Snapshot Test 1`] = `
<Context.Consumer
  value={
    Array [
      Object {
        "disableCookies": false,
        "mailOpen": false,
        "menuOpen": false,
        "showConsentBar": true,
      },
      [Function],
    ]
  }
>
  <Layout />
</Context.Consumer>
`;
